     1                                  bits 32 ; assembling for the 32 bits architecture
     2                                  
     3                                  ; declare the EntryPoint (a label defining the very first instruction of the program)
     4                                  global start        
     5                                  
     6                                  ; declare external functions needed by our program
     7                                  extern exit               ; tell nasm that exit exists even if we won't be defining it
     8                                  import exit msvcrt.dll    ; exit is a function that ends the calling process. It is defined in msvcrt.dll
     9                                                            ; msvcrt.dll contains exit, printf and all the other important C-runtime specific functions
    10                                  
    11                                  ; our data is declared here (the variables needed by our program)
    12                                  segment data use32 class=data
    13                                      ; ...
    14                                  
    15                                  ; our code starts here
    16 00000000 486170707920686F6C-     a db  48h, 61h, 70h, 70h, 79h, 20h, 68h, 6fh, 6ch, 69h, 64h, 61h, 79h, 20h, 61h, 6eh, 64h, 20h, 4dh, 65h, 72h, 72h, 79h, 20h, 43h, 68h, 72h, 69h, 73h, 74h, 6dh, 61h, 73h, 21h, 0
    16 00000009 6964617920616E6420-
    16 00000012 4D6572727920436872-
    16 0000001B 6973746D61732100   
    17                                  segment code use32 class=code
    18                                      start:
    19                                          ; ...
    20                                      
    21                                          ; exit(0)
    22 00000000 6A00                            push    dword 0      ; push the parameter for exit onto the stack
    23 00000002 FF15[00000000]                  call    [exit]       ; call exit to terminate the program
